# ==============================================================================
# MICROSOFT 365 / EXCHANGE ONLINE & OUTLOOK MAILBOX AUDIT LOGS
# Scenario 2: Microsoft 365 Password Expiration / AiTM Credential Phish (Pre-User Interaction State)
# Target Mailbox: mchen@contoso.com (Michael Chen - Senior Systems Engineer)
# Mailbox Location: Exchange Online (Tenant ID: 7b81c2f4-610b-419b-a3d8-e1b93d45c802)
# Incident Stage: Item Delivered to Inbox; User has NOT read, clicked, or interacted
# Status: Unread (IsRead = False), No URL Click, No Attachment Download
# ==============================================================================


# ------------------------------------------------------------------------------
# SECTION 1: EXCHANGE ONLINE MESSAGE TRACE DETAIL (Get-MessageTraceDetail)
# ------------------------------------------------------------------------------

MessageTraceId        : 967e5133-33d2-4701-8159-5252c21bdb13
MessageId             : <1de960e17480dcdb4bfeb5e1f542a0af@security-update-tenant365.com>
Received              : 2026-10-01T03:12:17.410Z
SenderAddress         : no-reply@security-update-tenant365.com
RecipientAddress      : mchen@contoso.com
Subject               : [EXTERNAL] Immediate Notice: Password Expiration for mchen@contoso.com
Status                : Delivered
ToIP                  : 10.240.18.62 (Mailbox Database Store)
FromIP                : 198.145.89.26 (mailgw01.contoso.com Public Egress)
Size                  : 7380
Direction             : Inbound

Events:
[
  {
    "Date": "2026-10-01T03:12:17.412Z",
    "Event": "Receive",
    "Action": "Message received by connector BN8NAM11FT029.mail.protection.outlook.com from 198.145.89.26",
    "Detail": "Inbound session established over TLS 1.3."
  },
  {
    "Date": "2026-10-01T03:12:17.680Z",
    "Event": "Transport rule",
    "Action": "Spam filter evaluated",
    "Detail": "Message classified as Not Spam (SFV:NSPM; SCL:1). Machine learning score passed threshold."
  },
  {
    "Date": "2026-10-01T03:12:17.790Z",
    "Event": "Transport rule",
    "Action": "Rule 'External Sender Warning' matched",
    "Detail": "Prepended '[EXTERNAL] ' to message subject and added external sender metadata header."
  },
  {
    "Date": "2026-10-01T03:12:18.090Z",
    "Event": "Deliver",
    "Action": "Delivered to mailbox",
    "Detail": "The message was successfully delivered to the mailbox 'mchen@contoso.com' in folder 'Inbox'. InternalMessageId: 399977716206."
  }
]


# ------------------------------------------------------------------------------
# SECTION 2: DEFENDER XDR (ADVANCED HUNTING) & PURVIEW AUDIT TELEMETRY
# (KQL query results confirming pre-interaction state at 2026-10-01T03:12:18.090Z)
# ------------------------------------------------------------------------------

# Query: EmailEvents | where NetworkMessageId == "967e5133-33d2-4701-8159-5252c21bdb13"
{
  "Timestamp": "2026-10-01T03:12:18.090Z",
  "NetworkMessageId": "967e5133-33d2-4701-8159-5252c21bdb13",
  "InternetMessageId": "<1de960e17480dcdb4bfeb5e1f542a0af@security-update-tenant365.com>",
  "SenderMailFromAddress": "no-reply@security-update-tenant365.com",
  "SenderFromAddress": "no-reply@security-update-tenant365.com",
  "SenderDisplayName": "Contoso IT Helpdesk",
  "RecipientEmailAddress": "mchen@contoso.com",
  "Subject": "[EXTERNAL] Immediate Notice: Password Expiration for mchen@contoso.com",
  "DeliveryAction": "Delivered",
  "DeliveryLocation": "Inbox",
  "EmailDirection": "Inbound",
  "SenderIPv4": "91.240.118.82",
  "AuthenticationDetails": "{\"SPF\": \"softfail\", \"DKIM\": \"none\", \"DMARC\": \"fail\"}",
  "ThreatTypes": "Phish",
  "ThreatNames": "URL-Reputation",
  "DetectionMethods": "URL analysis",
  "EmailLanguage": "en",
  "OrgLevelAction": "Allow",
  "OrgLevelPolicy": "DefaultSpamPolicy",
  "UserLevelAction": "None",
  "UserLevelPolicy": "None"
}

# Query: UrlClickEvents | where NetworkMessageId == "967e5133-33d2-4701-8159-5252c21bdb13"
# Result: 0 records found. (No SafeLinks click events registered)

# Query: EmailPostDeliveryEvents | where NetworkMessageId == "967e5133-33d2-4701-8159-5252c21bdb13"
# Result: 0 records found. (No ZAP, quarantine release, or user-reported phish events yet)

# Query: Search-UnifiedAuditLog -RecordType ExchangeItem -Operations MailItemsAccessed -FreeText "967e5133-33d2-4701-8159-5252c21bdb13"
# Result: 0 records found. (Mailbox owner mchen@contoso.com has NOT opened/read or accessed the item)


# ------------------------------------------------------------------------------
# SECTION 3: OUTLOOK MAPI / GRAPH API MESSAGE OBJECT (INBOX ITEM STATE)
# ------------------------------------------------------------------------------

GET https://graph.microsoft.com/v1.0/users/mchen@contoso.com/messages/AAMkADhkOWM2YTZmLTllYmItNDkyNC1hZGI0LWVhOTg0OTM2OGQ3MQBGAAAAAAB4f5b9e7059afae2957fc731626d81cfe2613e...
HTTP/1.1 200 OK
Content-Type: application/json; charset=utf-8

{
  "id": "AAMkADhkOWM2YTZmLTllYmItNDkyNC1hZGI0LWVhOTg0OTM2OGQ3MQBGAAAAAAB4f5b9e7059afae2957fc731626d81cfe2613e...",
  "createdDateTime": "2026-10-01T03:12:18Z",
  "lastModifiedDateTime": "2026-10-01T03:12:18Z",
  "receivedDateTime": "2026-10-01T03:12:18Z",
  "sentDateTime": "2026-10-01T03:12:14Z",
  "hasAttachments": false,
  "internetMessageId": "<1de960e17480dcdb4bfeb5e1f542a0af@security-update-tenant365.com>",
  "subject": "[EXTERNAL] Immediate Notice: Password Expiration for mchen@contoso.com",
  "importance": "high",
  "parentFolderId": "AQMkADhkOWM2YTZmLTllYmItNDkyNC1hZGI0LWVhOTg0OTM2OGQ3MQAuAAADeGfT9clnNUmtu...",
  "conversationId": "AAQkADhkOWM2YTZmLTllYmItNDkyNC1hZGI0LWVhOTg0OTM2OGQ3MQAQAMX...",
  "isRead": false,
  "isDraft": false,
  "webLink": "https://outlook.office365.com/owa/?ItemID=AAMkADhkOWM2YTZmLTllYmItNDkyNC1hZGI0LWVhOTg0OTM2OGQ3MQBGAAAAAAB4f5b9e7059afae2957fc731626d81cfe2613e...",
  "inferenceClassification": "other",
  "sender": {
    "emailAddress": {
      "name": "Contoso IT Helpdesk",
      "address": "no-reply@security-update-tenant365.com"
    }
  },
  "from": {
    "emailAddress": {
      "name": "Contoso IT Helpdesk",
      "address": "no-reply@security-update-tenant365.com"
    }
  },
  "toRecipients": [
    {
      "emailAddress": {
        "name": "Michael Chen",
        "address": "mchen@contoso.com"
      }
    }
  ],
  "replyTo": [
    {
      "emailAddress": {
        "name": "IT Identity Operations",
        "address": "helpdesk-identity@security-update-tenant365.com"
      }
    }
  ],
  "flag": {
    "flagStatus": "notFlagged"
  }
}


# ------------------------------------------------------------------------------
# SECTION 4: COMPLETE RFC 822 / OUTLOOK INTERNET MESSAGE HEADERS
# (Extracted via Outlook Desktop: File -> Properties -> Internet headers,
#  or OWA: Message Details)
# ------------------------------------------------------------------------------

Received: from SJ0PR03MB7491.namprd03.prod.outlook.com (2603:10b6:408:149::19)
 by BL0PR03MB4812.namprd03.prod.outlook.com with HTTPS; Thu, 01 Oct 2026 03:12:18 +0000
Received: from BN0PR03CA0041.namprd03.prod.outlook.com (2603:10b6:408:44::16)
 by SJ0PR03MB7491.namprd03.prod.outlook.com (2603:10b6:408:149::19) with
 Microsoft SMTP Server (version=TLS1_2,
 cipher=TLS_ECDHE_RSA_WITH_AES_256_GCM_SHA384) id 15.20.9123.18; Thu, 01 Oct 2026 03:12:18 +0000
Received: from BN8NAM11FT029.mail.protection.outlook.com
 (2603:10b6:408:44:cafe::94) by BN0PR03CA0041.outlook.office365.com
 (2603:10b6:408:44::16) with Microsoft SMTP Server (version=TLS1_2,
 cipher=TLS_ECDHE_RSA_WITH_AES_256_GCM_SHA384) id 15.20.9123.14 via Frontend
 Transport; Thu, 01 Oct 2026 03:12:18 +0000
Authentication-Results: spf=softfail (sender IP is 91.240.118.82)
 smtp.mailfrom=security-update-tenant365.com; dkim=none (message not signed)
 header.d=none; dmarc=fail action=none
 header.from=security-update-tenant365.com; compauth=fail reason=001
Received-SPF: SoftFail (protection.outlook.com: domain of transitioning
 security-update-tenant365.com discourages use of 91.240.118.82 as permitted sender)
Received: from mailgw01.contoso.com (198.145.89.26) by
 BN8NAM11FT029.mail.protection.outlook.com (104.47.74.35) with Microsoft SMTP
 Server (version=TLS1_3, cipher=TLS_AES_256_GCM_SHA384) id 15.20.9123.11 via
 Frontend Transport; Thu, 01 Oct 2026 03:12:17 +0000
X-Gateway-Scanned: mailgw01.contoso.com on 2026-10-01_03:12:17
X-Gateway-Spam-Status: No, score=2.4 required=5.0 tests=HTML_MESSAGE,SPF_SOFTFAIL,NO_DKIM,URGENT_SUBJECT,SUSP_URL_KEYWORD autolearn=no
X-Gateway-Spam-Score: 2.4
Received-SPF: SoftFail (mailgw01.contoso.com: domain of transitioning
 no-reply@security-update-tenant365.com does not designate 91.240.118.82 as
 permitted sender) identity=mailfrom; client-ip=91.240.118.82;
 helo=relay.security-update-tenant365.com;
 envelope-from=no-reply@security-update-tenant365.com; receiver=mchen@contoso.com
Received: from relay.security-update-tenant365.com (unknown [91.240.118.82])
 by mailgw01.contoso.com (Postfix) with ESMTPS id 4XAD7F4C82zqz2Vb
 for <mchen@contoso.com>; Thu, 01 Oct 2026 03:12:15 +0000
Received: from relay.security-update-tenant365.com (localhost [127.0.0.1])
	by relay.security-update-tenant365.com (Postfix) with ESMTP id 3fa89b12
	for <mchen@contoso.com>; Thu, 01 Oct 2026 03:12:14 +0000
Date: Thu, 01 Oct 2026 03:12:14 +0000
To: <mchen@contoso.com>
From: "Contoso IT Helpdesk" <no-reply@security-update-tenant365.com>
Reply-To: IT Identity Operations <helpdesk-identity@security-update-tenant365.com>
Subject: [EXTERNAL] Immediate Notice: Password Expiration for mchen@contoso.com
Message-ID: <1de960e17480dcdb4bfeb5e1f542a0af@security-update-tenant365.com>
X-Priority: 1
X-Mailer: Roundcube Webmail/1.5.3
MIME-Version: 1.0
Content-Type: multipart/alternative;
	boundary="b1_1de960e17480dcdb4bfeb5e1f542a0af"
Content-Transfer-Encoding: 8bit
Importance: High
X-MSMail-Priority: High
X-External-Sender: YES
X-EOPAttributedMessage: 0
X-MS-Exchange-Organization-MessageDirectionality: Inbound
X-MS-Exchange-Organization-AuthSource: mailgw01.contoso.com
X-MS-Exchange-Organization-AuthAs: Anonymous
X-MS-Exchange-Organization-Network-Message-Id: 967e5133-33d2-4701-8159-5252c21bdb13
X-MS-Exchange-Organization-SCL: 1
X-MS-Exchange-Organization-PCL: 2
X-Forefront-Antispam-Report: CIP:198.145.89.26;CTRY:US;LANG:en;SCL:1;SRV:DIR;IPV:CAL;SFV:NSPM;H:mailgw01.contoso.com;PTR:mailgw01.contoso.com;CAT:NONE;SFS:(136003)(396003)(366004)(346002)(376002);DIR:INB;
X-Microsoft-Antispam: BCL:0;ARA:13230040|46104249079|82310400026|36860700013|440099029;
X-MS-Exchange-CrossTenant-OriginalArrivalTime: 01 Oct 2026 03:12:17.4100 (UTC)
X-MS-Exchange-CrossTenant-FromEntityHeader: Internet
X-MS-Exchange-CrossTenant-Id: 7b81c2f4-610b-419b-a3d8-e1b93d45c802
X-MS-Exchange-CrossTenant-RMS-PersistedConsumerOrg: 00000000-0000-0000-0000-000000000000
X-MS-Exchange-Transport-EndToEndLatency: 00:00:00.6800000
X-MS-Exchange-Processed-By-BccFoldering: 15.20.9123.018
X-Microsoft-Antispam-Mailbox-Delivery:
 ucf:0;jmr:0;auth:0;dest:I;ENG:(910001)(944506478)(944626604)(920097)(930097)(140003);
X-Microsoft-Antispam-Message-Info:
 q/ia++WbBUG6GTC3HqaHlwt6u6PkAqgoHndQCOJDoDpa/9GTE4V3QEU+4VFNQ4bk
 3dvymuNdzdP52phYbgppIXEWJBkMSOtEU+vg8Bn+OucAHXPPKzX2nOiH7HB9mtUK
 OdxDhkf5BcQ+Txm7T/Vm5qsiZNu6Sm0QsshgHwhnO0jBL+XQJneXsGG5cQNP0euO
 1gGwW4bvNh+ZY9jtkCyDGdG0+K6O+eaebst2ZY7YdwHVPLO7DcY8bXvWiywvjHJP

This is a multi-part message in MIME format.

--b1_1de960e17480dcdb4bfeb5e1f542a0af
Content-Type: text/plain; charset=us-ascii

Dear Michael Chen,

A critical security or account notification was dispatched for your profile on October 1, 2026.

Immediate action is required to maintain system access and verify credentials:
https://login.microsoftonline.contoso-auth-verify.com/common/oauth2/v2.0/authorize?user=mchen%40contoso.com

This link will expire within 24 hours.

Regards,
Corporate Support Services

--b1_1de960e17480dcdb4bfeb5e1f542a0af
Content-Type: text/html; charset=us-ascii

<!DOCTYPE html>
<html>
<head><meta charset="utf-8"></head>
<body style="font-family: Arial, sans-serif; color: #333;">
<table width="600" cellpadding="0" cellspacing="0" style="border: 1px solid #ddd; padding: 20px;">
<tr><td>
<h2 style="color: #004b87;">Contoso Identity Management - Password Expiry</h2>
<p>Dear Michael Chen,</p>
<p>A mandatory security action is pending for your account profile: <strong>mchen@contoso.com</strong>.</p>
<p>Please confirm and authenticate through the secure corporate proxy below:</p>
<p style="text-align: center; margin: 30px 0;">
<a href="https://login.microsoftonline.contoso-auth-verify.com/common/oauth2/v2.0/authorize?user=mchen%40contoso.com" style="background-color: #0078d4; color: white; padding: 12px 25px; text-decoration: none; border-radius: 4px; font-weight: bold; display: inline-block;">Keep Current Password & Re-Authenticate</a>
</p>
<p><small>Reference Ticket: #IT-SEC-202610-3341<br>Security Notice: Contoso Information Security will never ask for your password via plaintext email.</small></p>
</td></tr>
</table>
</body>
</html>

--b1_1de960e17480dcdb4bfeb5e1f542a0af--
