# ==============================================================================
# INBOUND SMTP GATEWAY LOG (mailgw01.contoso.com)
# Message Index: 01 | Theme: Payroll / Direct Deposit Credential Harvesting
# Classification: PHISHING
# Gateway Ingress Public IP: 198.145.89.25 / Gateway Egress Public IP: 198.145.89.26
# Sender IP: 185.196.220.44 (unknown[185.196.220.44])
# Sender: "Contoso HR & Payroll" <notifications@payroll-notifications-cloud.net>
# Recipient: "Jane Doe" <jdoe@contoso.com>
# Queue ID: 4X3EB13B90zqz2Vb | Relay Target: BN8NAM11FT029.mail.protection.outlook.com [104.47.74.35]:25
# ==============================================================================

# --- SECTION 1: POSTFIX / MTA SESSION LOGS (SYSLOG RFC 3164) ---

2026-10-01T02:50:40.100Z mailgw01.contoso.com postfix/smtpd[48210]: connect from unknown[185.196.220.44]
2026-10-01T02:50:40.225Z mailgw01.contoso.com postfix/smtpd[48210]: warning: hostname vps-host-44.bulletrelay.net does not resolve to address 185.196.220.44: Name or service not known
2026-10-01T02:50:40.412Z mailgw01.contoso.com postfix/smtpd[48210]: Anonymous TLS connection established from unknown[185.196.220.44]: TLSv1.3 with cipher TLS_AES_256_GCM_SHA384 (256/256 bits) key-exchange X25519 server-signature RSA-PSS (2048 bits) server-digest SHA256
2026-10-01T02:50:40.784Z mailgw01.contoso.com postfix/policyd-spf[48218]: prepend Received-SPF: SoftFail (mailgw01.contoso.com: domain of transitioning notifications@payroll-notifications-cloud.net does not designate 185.196.220.44 as permitted sender) identity=mailfrom; client-ip=185.196.220.44; helo=mail.payroll-notifications-cloud.net; envelope-from=notifications@payroll-notifications-cloud.net; receiver=jdoe@contoso.com
2026-10-01T02:50:40.850Z mailgw01.contoso.com postfix/opendkim[1104]: 4X3EB13B90zqz2Vb: no signature data found for domain payroll-notifications-cloud.net
2026-10-01T02:50:40.920Z mailgw01.contoso.com postfix/dmarc-filter[1180]: 4X3EB13B90zqz2Vb: dmarc-result=fail (p=none sp=none pct=100) reason="SPF failed, DKIM missing" domain=payroll-notifications-cloud.net
2026-10-01T02:50:41.114Z mailgw01.contoso.com postfix/smtpd[48210]: 4X3EB13B90zqz2Vb: client=unknown[185.196.220.44]
2026-10-01T02:50:41.420Z mailgw01.contoso.com postfix/cleanup[48215]: 4X3EB13B90zqz2Vb: message-id=<46685257bdd640fb06671ad11c80317f@payroll-notifications-cloud.net>
2026-10-01T02:50:41.680Z mailgw01.contoso.com postfix/mailfilter[48220]: 4X3EB13B90zqz2Vb: Antivirus=CLEAN SpamCheck=SUSPICIOUS Score=3.9/5.0 Action=TAG_HEADER
2026-10-01T02:50:41.850Z mailgw01.contoso.com postfix/qmgr[2814]: 4X3EB13B90zqz2Vb: from=<notifications@payroll-notifications-cloud.net>, size=7242, nrcpt=1 (queue active)
2026-10-01T02:50:42.814Z mailgw01.contoso.com postfix/smtp[48225]: 4X3EB13B90zqz2Vb: to=<jdoe@contoso.com>, relay=contoso-com.mail.protection.outlook.com[104.47.74.35]:25, delay=1.7, delays=1.2/0.01/0.14/0.28, dsn=2.6.0, status=sent (250 2.6.0 <46685257bdd640fb06671ad11c80317f@payroll-notifications-cloud.net> [InternalId=914655221101, Hostname=SJ0PR03MB7491.namprd03.prod.outlook.com] 7624 bytes in 0.281s, 26.496 KB/sec Queued mail for delivery)
2026-10-01T02:50:42.854Z mailgw01.contoso.com postfix/qmgr[2814]: 4X3EB13B90zqz2Vb: removed
2026-10-01T02:50:42.924Z mailgw01.contoso.com postfix/smtpd[48210]: disconnect from unknown[185.196.220.44] ehlo=2 starttls=1 mail=1 rcpt=1 data=1 quit=1 commands=7


# --- SECTION 2: RAW SMTP SESSION CAPTURE (mailgw01 INGRESS INTERFACE) ---

[SESSION ID: 4X3EB13B90zqz2Vb]
[PEER: 185.196.220.44:48214 -> 198.145.89.25:25]
[TIME: 2026-10-01T02:50:40.100Z]

S: 220 mailgw01.contoso.com ESMTP Postfix (Ubuntu)
C: EHLO mail.payroll-notifications-cloud.net
S: 250-mailgw01.contoso.com
S: 250-PIPELINING
S: 250-SIZE 52428800
S: 250-VRFY
S: 250-ETRN
S: 250-STARTTLS
S: 250-ENHANCEDSTATUSCODES
S: 250-8BITMIME
S: 250-DSN
S: 250-SMTPUTF8
S: 250 CHUNKING
C: STARTTLS
S: 220 2.0.0 Ready to start TLS
[--- TLSv1.3 Handshake Completed: TLS_AES_256_GCM_SHA384 ---]
C: EHLO mail.payroll-notifications-cloud.net
S: 250-mailgw01.contoso.com
S: 250-PIPELINING
S: 250-SIZE 52428800
S: 250-VRFY
S: 250-ETRN
S: 250-ENHANCEDSTATUSCODES
S: 250-8BITMIME
S: 250-DSN
S: 250-SMTPUTF8
S: 250 CHUNKING
C: MAIL FROM:<notifications@payroll-notifications-cloud.net>
S: 250 2.1.0 Ok
C: RCPT TO:<jdoe@contoso.com>
S: 250 2.1.5 Ok
C: DATA
S: 354 End data with <CR><LF>.<CR><LF>
C: Received: from mail.payroll-notifications-cloud.net (localhost [127.0.0.1])
C: 	by mail.payroll-notifications-cloud.net with ESMTP id B3B1799D
C: 	for <jdoe@contoso.com>; Thu, 01 Oct 2026 02:50:39 +0000
C: Date: Thu, 01 Oct 2026 02:50:39 +0000
C: To: "Jane Doe" <jdoe@contoso.com>
C: From: "Contoso HR & Payroll" <notifications@payroll-notifications-cloud.net>
C: Reply-To: Direct Deposit Support <payroll-update@payroll-notifications-cloud.net>
C: Subject: Urgent: Mandatory Verification of Direct Deposit Allocation
C: Message-ID: <46685257bdd640fb06671ad11c80317f@payroll-notifications-cloud.net>
C: X-Priority: 1
C: Priority: Urgent
C: Importance: High
C: X-MSMail-Priority: High
C: X-Mailer: PHPMailer 6.8.0 (https://github.com/PHPMailer/PHPMailer)
C: MIME-Version: 1.0
C: Content-Type: multipart/alternative;
C: 	boundary="b1_46685257bdd640fb06671ad11c80317f"
C: Content-Transfer-Encoding: 8bit
C: 
C: This is a multi-part message in MIME format.
C: 
C: --b1_46685257bdd640fb06671ad11c80317f
C: Content-Type: text/plain; charset=us-ascii
C: 
C: Dear Jane Doe,
C: 
C: A change request was submitted for your Contoso Direct Deposit payment instructions on October 1, 2026.
C: 
C: If you did not authorize this modification, please review and verify your banking profile immediately by visiting:
C: https://contoso-portal-directdeposit.auth-service-verify.com/auth/login?id=jdoe-9921
C: 
C: This link will expire within 24 hours.
C: 
C: Regards,
C: Contoso HR & Compensation Services
C: 
C: 
C: --b1_46685257bdd640fb06671ad11c80317f
C: Content-Type: text/html; charset=us-ascii
C: 
C: <!DOCTYPE html>
C: <html>
C: <head><meta charset="utf-8"></head>
C: <body style="font-family: Arial, sans-serif; color: #333;">
C: <table width="600" cellpadding="0" cellspacing="0" style="border: 1px solid #ddd; padding: 20px;">
C: <tr><td>
C: <h2 style="color: #004b87;">Contoso Corporate Portal - Action Required</h2>
C: <p>Dear Jane Doe,</p>
C: <p>A change request was submitted for your <strong>Direct Deposit Payment Account</strong> on October 1, 2026.<br>If this was not requested by you, please review and reject the pending changes immediately to prevent misrouted disbursement.</p>
C: <p style="text-align: center; margin: 30px 0;">
C: <a href="https://contoso-portal-directdeposit.auth-service-verify.com/auth/login?id=jdoe-9921" style="background-color: #0078d4; color: white; padding: 12px 25px; text-decoration: none; border-radius: 4px; font-weight: bold; display: inline-block;">Review Direct Deposit Profile</a>
C: </p>
C: <p><small>Reference Ticket: #DD-202610-88190<br>Notice: Contoso Information Security will never ask for your credentials via unencrypted channels.</small></p>
C: </td></tr>
C: </table>
C: </body>
C: </html>
C: 
C: --b1_46685257bdd640fb06671ad11c80317f--
C: .
S: 250 2.0.0 Ok: queued as 4X3EB13B90zqz2Vb
C: QUIT
S: 221 2.0.0 Bye
